starting: capacity=104 size=0
TEST 1:
01000100 00000000 00000000 00000000 10000000 11101
|          |          |          |           |    

TEST 2:
11000100 00000000 00000000 00000000 10000000 0110101
|          |          |          |           |      

TEST 3:
bit[499]=0
bit[500]=1
bit[501]=0
bit[502]=1

capacity=832 size=503 incr=-2
