
first data
ring1:
12 9 8 7 11 6 5 4 10 3 2 1 
ring2:
9 12 8 7 6 11 5 4 3 10 2 1 

after sorting
ring1:
12 11 10 9 8 7 6 5 4 3 2 1 
ring2:
1 2 3 4 5 6 7 8 9 10 11 12 

after splitting
ring1:
6 5 4 
ring2:
1 2 3 4 6 8 9 10 11 12 

after merging and insert
ring1:
6 5 4 3 2 13 12 14 11 10 9 8 
ring2:
1 2 3 4 6 8 9 10 11 12 
