
 using the array as a stack
push: T.Seal emplNum=2901 salary=2400
push: W.Water emplNum=1100 salary=2400
push: E.Light emplNum=3387 salary=2045
push: J.Shade emplNum=1987 salary=1900
push: L.Dotty emplNum=7543 salary=3230
push: F.Gold emplNum=7990 salary=3905
push: P.Grey emplNum=1289 salary=4140
push: S.White emplNum=3523 salary=2400
push: I.Black emplNum=7003 salary=2795
push: A.Green emplNum=1876 salary=3500
push: J.Brown emplNum=4367 salary=2105
pop: J.Brown emplNum=4367 salary=2105
pop: A.Green emplNum=1876 salary=3500
pop: I.Black emplNum=7003 salary=2795
pop: S.White emplNum=3523 salary=2400
pop: P.Grey emplNum=1289 salary=4140
pop: F.Gold emplNum=7990 salary=3905
pop: L.Dotty emplNum=7543 salary=3230
pop: J.Shade emplNum=1987 salary=1900
pop: E.Light emplNum=3387 salary=2045
pop: W.Water emplNum=1100 salary=2400
pop: T.Seal emplNum=2901 salary=2400
