starting: capacity=3 size=0 incr=-2
TEST 1:
01000100000000000000000000000000
10000000100000000000000000000000
11111111111111111111111111111111

42 0 0 0 1 1 0 0 377 377 377 377 

TEST 2:

11000100000000000000000000000000
10000000000000000000000000000000
11111111111111111111111111111100


TEST 3:
101 capacity=24 size=16 incr=-2
11000100000000000000000000000000
10000000000000000000000000000000
11111111111111111111111111111100
00000000000000000000000000000000
00000000000000000000000000000000
00000000000000000000000000000000
00000000000000000000000000000000
00000000000000000000000000000000
00000000000000000000000000000000
00000000000000000000000000000000
00000000000000000000000000000000
00000000000000000000000000000000
00000000000000000000000000000000
00000000000000000000000000000000
00000000000000000000000000000000
00000000000000000000101000000000

